// Jest Snapshot v1, https://goo.gl/fbAQLP

exports[`matches snapshot 1`] = `
Array [
  <div
    className="main-section"
  >
    <div
      className="css-2u4u1k"
    >
      <div
        className="css-gmuwbf"
      >
        <p
          className="chakra-text css-17oyikl"
        >
          Welcome!
        </p>
      </div>
      <div
        className="css-gmuwbf"
      >
        <p
          className="chakra-text css-7fdwc5"
        >
          Let Us Serve Customers
        </p>
      </div>
    </div>
  </div>,
  <div
    className="buttons"
    p="10px"
  >
    <div
      className="css-1aoxqvw"
    >
      <div
        className="css-19fmqat"
      >
        <div
          className="css-1txosv4"
        >
          <div
            className="css-gmuwbf"
          >
            <img
              alt="Approve Memberships"
              className="chakra-image__placeholder css-eweyq5"
            />
          </div>
        </div>
        <div
          className="css-1y4dbot"
        >
          <div
            className="css-n16x53"
          >
            <div
              className="css-x1sij0"
            >
              <span
                className="chakra-badge css-637omx"
              >
                Secured
              </span>
            </div>
            <div
              className="css-1mwm0bw"
            >
              <h2
                className="chakra-heading css-0"
              >
                Approve Memberships
              </h2>
            </div>
            <div
              className="css-15yujhg"
            >
              <span
                className="css-ekuaes"
              />
            </div>
          </div>
        </div>
        <div
          className="css-dfiqwb"
        >
          <a
            href="/Approve"
            onClick={[Function]}
          >
            <button
              className="chakra-button css-16sbcsi"
              data-testid="go"
              type="button"
            >
              Go
              <span
                className="chakra-button__icon css-1oeb2oe"
              >
                <svg
                  aria-hidden={true}
                  fill="currentColor"
                  focusable={false}
                  height="1em"
                  stroke="currentColor"
                  strokeWidth="0"
                  style={
                    Object {
                      "color": undefined,
                    }
                  }
                  viewBox="0 0 24 24"
                  width="1em"
                  xmlns="http://www.w3.org/2000/svg"
                >
                  <path
                    d="M2.01 21L23 12 2.01 3 2 10l15 2-15 2z"
                  />
                </svg>
              </span>
            </button>
          </a>
        </div>
      </div>
    </div>
    <div
      className="css-1aoxqvw"
    >
      <div
        className="css-19fmqat"
      >
        <div
          className="css-1txosv4"
        >
          <div
            className="css-gmuwbf"
          >
            <img
              alt="Add New Staff"
              className="chakra-image__placeholder css-eweyq5"
            />
          </div>
        </div>
        <div
          className="css-1y4dbot"
        >
          <div
            className="css-n16x53"
          >
            <div
              className="css-x1sij0"
            >
              <span
                className="chakra-badge css-637omx"
              >
                Secured
              </span>
            </div>
            <div
              className="css-1mwm0bw"
            >
              <h2
                className="chakra-heading css-0"
              >
                Add New Staff
              </h2>
            </div>
            <div
              className="css-15yujhg"
            >
              <span
                className="css-ekuaes"
              />
            </div>
          </div>
        </div>
        <div
          className="css-dfiqwb"
        >
          <a
            href="/StaffReg"
            onClick={[Function]}
          >
            <button
              className="chakra-button css-16sbcsi"
              data-testid="go"
              type="button"
            >
              Go
              <span
                className="chakra-button__icon css-1oeb2oe"
              >
                <svg
                  aria-hidden={true}
                  fill="currentColor"
                  focusable={false}
                  height="1em"
                  stroke="currentColor"
                  strokeWidth="0"
                  style={
                    Object {
                      "color": undefined,
                    }
                  }
                  viewBox="0 0 24 24"
                  width="1em"
                  xmlns="http://www.w3.org/2000/svg"
                >
                  <path
                    d="M2.01 21L23 12 2.01 3 2 10l15 2-15 2z"
                  />
                </svg>
              </span>
            </button>
          </a>
        </div>
      </div>
    </div>
    <div
      className="css-1aoxqvw"
    >
      <div
        className="css-19fmqat"
      >
        <div
          className="css-1txosv4"
        >
          <div
            className="css-gmuwbf"
          >
            <img
              alt="My Notifications"
              className="chakra-image__placeholder css-eweyq5"
            />
          </div>
        </div>
        <div
          className="css-1y4dbot"
        >
          <div
            className="css-n16x53"
          >
            <div
              className="css-x1sij0"
            >
              <span
                className="chakra-badge css-637omx"
              >
                Secured
              </span>
            </div>
            <div
              className="css-1mwm0bw"
            >
              <h2
                className="chakra-heading css-0"
              >
                My Notifications
              </h2>
            </div>
            <div
              className="css-15yujhg"
            >
              <span
                className="css-ekuaes"
              />
            </div>
          </div>
        </div>
        <div
          className="css-dfiqwb"
        >
          <a
            href="/AllNotifications"
            onClick={[Function]}
          >
            <button
              className="chakra-button css-16sbcsi"
              data-testid="go"
              type="button"
            >
              Go
              <span
                className="chakra-button__icon css-1oeb2oe"
              >
                <svg
                  aria-hidden={true}
                  fill="currentColor"
                  focusable={false}
                  height="1em"
                  stroke="currentColor"
                  strokeWidth="0"
                  style={
                    Object {
                      "color": undefined,
                    }
                  }
                  viewBox="0 0 24 24"
                  width="1em"
                  xmlns="http://www.w3.org/2000/svg"
                >
                  <path
                    d="M2.01 21L23 12 2.01 3 2 10l15 2-15 2z"
                  />
                </svg>
              </span>
            </button>
          </a>
        </div>
      </div>
    </div>
    <div
      className="css-1aoxqvw"
    >
      <div
        className="css-19fmqat"
      >
        <div
          className="css-1txosv4"
        >
          <div
            className="css-gmuwbf"
          >
            <img
              alt="Evaluate Cheques"
              className="chakra-image__placeholder css-eweyq5"
            />
          </div>
        </div>
        <div
          className="css-1y4dbot"
        >
          <div
            className="css-n16x53"
          >
            <div
              className="css-x1sij0"
            >
              <span
                className="chakra-badge css-637omx"
              >
                Secured
              </span>
            </div>
            <div
              className="css-1mwm0bw"
            >
              <h2
                className="chakra-heading css-0"
              >
                Evaluate Cheques
              </h2>
            </div>
            <div
              className="css-15yujhg"
            >
              <span
                className="css-ekuaes"
              />
            </div>
          </div>
        </div>
        <div
          className="css-dfiqwb"
        >
          <a
            href="/eval"
            onClick={[Function]}
          >
            <button
              className="chakra-button css-16sbcsi"
              data-testid="go"
              type="button"
            >
              Go
              <span
                className="chakra-button__icon css-1oeb2oe"
              >
                <svg
                  aria-hidden={true}
                  fill="currentColor"
                  focusable={false}
                  height="1em"
                  stroke="currentColor"
                  strokeWidth="0"
                  style={
                    Object {
                      "color": undefined,
                    }
                  }
                  viewBox="0 0 24 24"
                  width="1em"
                  xmlns="http://www.w3.org/2000/svg"
                >
                  <path
                    d="M2.01 21L23 12 2.01 3 2 10l15 2-15 2z"
                  />
                </svg>
              </span>
            </button>
          </a>
        </div>
      </div>
    </div>
    <div
      className="css-1aoxqvw"
    >
      <div
        className="css-19fmqat"
      >
        <div
          className="css-1txosv4"
        >
          <div
            className="css-gmuwbf"
          >
            <img
              alt="All Customers"
              className="chakra-image__placeholder css-eweyq5"
            />
          </div>
        </div>
        <div
          className="css-1y4dbot"
        >
          <div
            className="css-n16x53"
          >
            <div
              className="css-x1sij0"
            >
              <span
                className="chakra-badge css-637omx"
              >
                Secured
              </span>
            </div>
            <div
              className="css-1mwm0bw"
            >
              <h2
                className="chakra-heading css-0"
              >
                All Customers
              </h2>
            </div>
            <div
              className="css-15yujhg"
            >
              <span
                className="css-ekuaes"
              />
            </div>
          </div>
        </div>
        <div
          className="css-dfiqwb"
        >
          <a
            href="/AllCustomers"
            onClick={[Function]}
          >
            <button
              className="chakra-button css-16sbcsi"
              data-testid="go"
              type="button"
            >
              Go
              <span
                className="chakra-button__icon css-1oeb2oe"
              >
                <svg
                  aria-hidden={true}
                  fill="currentColor"
                  focusable={false}
                  height="1em"
                  stroke="currentColor"
                  strokeWidth="0"
                  style={
                    Object {
                      "color": undefined,
                    }
                  }
                  viewBox="0 0 24 24"
                  width="1em"
                  xmlns="http://www.w3.org/2000/svg"
                >
                  <path
                    d="M2.01 21L23 12 2.01 3 2 10l15 2-15 2z"
                  />
                </svg>
              </span>
            </button>
          </a>
        </div>
      </div>
    </div>
    <div
      className="css-1aoxqvw"
    >
      <div
        className="css-19fmqat"
      >
        <div
          className="css-1txosv4"
        >
          <div
            className="css-gmuwbf"
          >
            <img
              alt="My Past Evaluations"
              className="chakra-image__placeholder css-eweyq5"
            />
          </div>
        </div>
        <div
          className="css-1y4dbot"
        >
          <div
            className="css-n16x53"
          >
            <div
              className="css-x1sij0"
            >
              <span
                className="chakra-badge css-637omx"
              >
                Secured
              </span>
            </div>
            <div
              className="css-1mwm0bw"
            >
              <h2
                className="chakra-heading css-0"
              >
                My Past Evaluations
              </h2>
            </div>
            <div
              className="css-15yujhg"
            >
              <span
                className="css-ekuaes"
              />
            </div>
          </div>
        </div>
        <div
          className="css-dfiqwb"
        >
          <a
            href="/evaledbyme"
            onClick={[Function]}
          >
            <button
              className="chakra-button css-16sbcsi"
              data-testid="go"
              type="button"
            >
              Go
              <span
                className="chakra-button__icon css-1oeb2oe"
              >
                <svg
                  aria-hidden={true}
                  fill="currentColor"
                  focusable={false}
                  height="1em"
                  stroke="currentColor"
                  strokeWidth="0"
                  style={
                    Object {
                      "color": undefined,
                    }
                  }
                  viewBox="0 0 24 24"
                  width="1em"
                  xmlns="http://www.w3.org/2000/svg"
                >
                  <path
                    d="M2.01 21L23 12 2.01 3 2 10l15 2-15 2z"
                  />
                </svg>
              </span>
            </button>
          </a>
        </div>
      </div>
    </div>
  </div>,
]
`;
