// Jest Snapshot v1, https://goo.gl/fbAQLP

exports[`when the component fethches the details successfully matches evaluated cheque snapshot 1`] = `
Array [
  <div
    style={
      Object {
        "display": "flex",
        "flexDirection": "row",
        "justifyContent": "center",
        "margin": "50px",
      }
    }
  >
    <div
      className="e-card e-card-horizontal"
      style={
        Object {
          "width": "400px",
        }
      }
    >
      <img
        alt="Sample"
        src=""
        style={
          Object {
            "height": "80px",
          }
        }
      />
      <div
        className="e-card-stacked"
      >
        <div
          className="e-card-header"
        >
          <div
            className="e-card-header-caption"
          />
        </div>
        <div
          className="e-card-content"
        />
      </div>
    </div>
  </div>,
  <div
    className="MuiPaper-root MuiTableContainer-root MuiPaper-elevation1 MuiPaper-rounded"
  >
    <table
      aria-label="simple table"
      className="MuiTable-root"
      role={null}
    >
      <thead
        className="MuiTableHead-root"
        role={null}
      >
        <tr
          className="MuiTableRow-root MuiTableRow-head"
          role={null}
        >
          <th
            aria-sort={null}
            className="MuiTableCell-root MuiTableCell-head MuiTableCell-alignRight"
            scope="col"
          >
            Cheque ID
          </th>
          <th
            aria-sort={null}
            className="MuiTableCell-root MuiTableCell-head MuiTableCell-alignRight"
            scope="col"
          >
            Sender ID
          </th>
          <th
            aria-sort={null}
            className="MuiTableCell-root MuiTableCell-head MuiTableCell-alignRight"
            scope="col"
          >
            Receiver ID
          </th>
          <th
            aria-sort={null}
            className="MuiTableCell-root MuiTableCell-head MuiTableCell-alignRight"
            scope="col"
          >
            Amount
          </th>
          <th
            aria-sort={null}
            className="MuiTableCell-root MuiTableCell-head MuiTableCell-alignRight"
            scope="col"
          >
            Date
          </th>
          <th
            aria-sort={null}
            className="MuiTableCell-root MuiTableCell-head MuiTableCell-alignRight"
            scope="col"
          >
            Note
          </th>
          <th
            aria-sort={null}
            className="MuiTableCell-root MuiTableCell-head MuiTableCell-alignRight"
            scope="col"
          >
            PASS
          </th>
          <th
            aria-sort={null}
            className="MuiTableCell-root MuiTableCell-head MuiTableCell-alignRight"
            scope="col"
          >
            RETURN
          </th>
        </tr>
      </thead>
      <tbody
        className="MuiTableBody-root"
        role={null}
      />
    </table>
  </div>,
]
`;
