// Jest Snapshot v1, https://goo.gl/fbAQLP

exports[`matches snapshot 1`] = `
<div
  className="css-0"
  data-testid="map"
>
  <div
    style={
      Object {
        "cursor": "grab",
        "height": 400,
        "position": "relative",
        "width": "100%",
      }
    }
  >
    <div
      style={
        Object {
          "height": "100%",
          "position": "relative",
          "width": "100%",
        }
      }
    >
      <div
        className=""
        style={
          Object {
            "height": "100%",
            "overflow": "hidden",
            "position": "absolute",
            "visibility": "inherit",
            "width": "100%",
          }
        }
      />
    </div>
  </div>
</div>
`;
